------------------------------------------------------------
TimeQuest Timing Analyzer Summary
------------------------------------------------------------

Type  : Slow 1200mV 85C Model Setup 'clk'
Slack : -1.009
TNS   : -9.106

Type  : Slow 1200mV 85C Model Hold 'clk'
Slack : 0.358
TNS   : 0.000

Type  : Slow 1200mV 85C Model Recovery 'clk'
Slack : -0.586
TNS   : -7.658

Type  : Slow 1200mV 85C Model Removal 'clk'
Slack : 1.113
TNS   : 0.000

Type  : Slow 1200mV 85C Model Minimum Pulse Width 'clk'
Slack : -3.000
TNS   : -23.000

Type  : Slow 1200mV 0C Model Setup 'clk'
Slack : -0.787
TNS   : -6.435

Type  : Slow 1200mV 0C Model Hold 'clk'
Slack : 0.312
TNS   : 0.000

Type  : Slow 1200mV 0C Model Recovery 'clk'
Slack : -0.422
TNS   : -5.404

Type  : Slow 1200mV 0C Model Removal 'clk'
Slack : 0.993
TNS   : 0.000

Type  : Slow 1200mV 0C Model Minimum Pulse Width 'clk'
Slack : -3.000
TNS   : -23.000

Type  : Fast 1200mV 0C Model Setup 'clk'
Slack : -0.122
TNS   : -0.227

Type  : Fast 1200mV 0C Model Hold 'clk'
Slack : 0.187
TNS   : 0.000

Type  : Fast 1200mV 0C Model Recovery 'clk'
Slack : 0.107
TNS   : 0.000

Type  : Fast 1200mV 0C Model Removal 'clk'
Slack : 0.613
TNS   : 0.000

Type  : Fast 1200mV 0C Model Minimum Pulse Width 'clk'
Slack : -3.000
TNS   : -24.109

------------------------------------------------------------
